// Jest Snapshot v1, https://goo.gl/fbAQLP

exports[`Error Boundary renders correctlty 1`] = `
<div>
  <div>
    children
  </div>
</div>
`;
